[cairoadvogado.com/index.html]
[cairoadvogado.com/xmlrpc.php]
[backblue.gif]
[fade.gif]
[index.html]
[cairoadvogado.com/wp-content/plugins/click-to-chat-for-whatsapp/new/inc/assets/css/mainec5b.css]
[cairoadvogado.com/feed/index.html]
[cairoadvogado.com/wp-content/themes/Divi/includes/builder/styles/images/preloader.gif]
[cairoadvogado.com/comments/feed/index.html]
[cairoadvogado.com/wp-content/themes/Divi/core/admin/fonts/modules/all/modules.eot]
[cairoadvogado.com/wp-content/themes/Divi/core/admin/fonts/fontawesome/fa-regular-400.eot]
[cairoadvogado.com/wp-content/et-cache/2/et-divi-dynamic-20e83.css]
[cairoadvogado.com/wp-json/wp/v2/pages/2.json]
[cairoadvogado.com/wp-json/index.html]
[cairoadvogado.com/xmlrpc0db0.php]
[cairoadvogado.com/wp-json/oembed/1.0/embedc9de.json]
[cairoadvogado.com/wp-json/oembed/1.0/embed22d3]
[cairoadvogado.com/wp-content/uploads/2023/09/cropped-Proposta-de-Logotipo_Cairo-Rodrigues-6-32x32.png]
[cairoadvogado.com/wp-content/uploads/2023/09/cropped-Proposta-de-Logotipo_Cairo-Rodrigues-6-192x192.png]
[cairoadvogado.com/wp-content/uploads/2023/09/cropped-Proposta-de-Logotipo_Cairo-Rodrigues-6-180x180.png]
[cairoadvogado.com/wp-content/uploads/2023/09/Design-sem-nome-3.jpg]
[cairoadvogado.com/wp-content/et-cache/2/et-core-unified-deferred-2.minea36.css]
[cairoadvogado.com/wp-content/uploads/2023/09/Proposta-de-Logotipo_Cairo-Rodrigues-1200-×-400-px-1.png]
[cairoadvogado.com/wp-content/uploads/2023/09/device-repair-mask-01.png]
[cairoadvogado.com/wp-content/uploads/2023/09/Proposta-de-Logotipo_Cairo-Rodrigues-5.png]
[cairoadvogado.com/wp-content/uploads/2023/09/Proposta-de-Logotipo_Cairo-Rodrigues-6.png]
[cairoadvogado.com/wp-content/uploads/2023/09/2.png]
[cairoadvogado.com/wp-content/uploads/2023/09/1.png]
[cairoadvogado.com/wp-content/uploads/2023/09/4.png]
[cairoadvogado.com/wp-content/uploads/2023/09/3.png]
[cairoadvogado.com/wp-content/uploads/2023/09/3.jpg]
[cairoadvogado.com/wp-content/uploads/2023/09/Proposta-de-Logotipo_Cairo-Rodrigues-7-1-150x150.png]
[cairoadvogado.com/wp-content/uploads/trustindex-google-widget9279.css]
[cairoadvogado.com/privacy-policy/index.html]
[cairoadvogado.com/wp-includes/css/dist/block-library/style.minef10.css]
[cairoadvogado.com/wp-includes/js/jquery/jquery.minf43b.js]
[cairoadvogado.com/wp-includes/js/jquery/jquery-migrate.min5589.js]
[cairoadvogado.com/wp-content/plugins/click-to-chat-for-whatsapp/new/inc/assets/js/appec5b.js]
[cairoadvogado.com/wp-content/themes/Divi/js/scripts.min8686.js]
[cairoadvogado.com/wp-content/themes/Divi/includes/builder/feature/dynamic-assets/assets/js/jquery.fitvids8686.js]
[cairoadvogado.com/wp-content/themes/Divi/core/admin/js/common8686.js]
[cdn.trustindex.io/loaderef10.js]
[cairoadvogado.com/index.html]
[cairoadvogado.com/xmlrpc.php]
[cairoadvogado.com/wp-content/plugins/click-to-chat-for-whatsapp/new/inc/assets/css/mainec5b.css]
[cairoadvogado.com/wp-content/et-cache/2/et-divi-dynamic-20e83.css]
[www.googletagmanager.com/gtm5445.html]
[cairoadvogado.com/wp-content/et-cache/2/et-core-unified-deferred-2.minea36.css]
[cairoadvogado.com/privacy-policy/feed/index.html]
[cairoadvogado.com/wp-content/themes/Divi/core/admin/fonts/modules/base/modules.eot]
[cairoadvogado.com/wp-json/wp/v2/pages/3.json]
[cairoadvogado.com/wp-json/oembed/1.0/embed7916.json]
[cairoadvogado.com/wp-json/oembed/1.0/embed06ab]
[cairoadvogado.com/privacy-policy/index.html]
[cairoadvogado.com/wp-content/uploads/trustindex-google-widget9279.css]
[cairoadvogado.com/wp-includes/css/dist/block-library/style.minef10.css]
[cairoadvogado.com/index2207.html]
[cairoadvogado.com/wp-content/et-cache/global/et-divi-customizer-global.min71a9.css]
[cairoadvogado.com/wp-content/et-cache/global/et-divi-customizer-global.min71a9.css]
